// Jest Snapshot v1, https://goo.gl/fbAQLP

exports[`Testing React Components Rendering Testing Header Component 1`] = `
<div
  className="league-header"
>
  <img
    alt="league-logo"
    className="league-logo"
    src="https://media.api-sports.io/football/leagues/61.png"
  />
  <p
    className="season"
  >
    2021-2022
  </p>
</div>
`;

exports[`Testing React Components Rendering Testing TeamList Component 1`] = `
<div
  className="team-list"
>
  <div
    className="team-list-header"
  >
    <p>
      TEAMS
    </p>
    <input
      className="search-input"
      placeholder="Search.."
      type="text"
    />
  </div>
  <div
    className="teams"
  >
    <div
      className="team-element"
    >
      <svg
        className="right-arrow"
        fill="currentColor"
        height="1em"
        stroke="currentColor"
        strokeWidth="0"
        style={
          Object {
            "color": undefined,
          }
        }
        viewBox="0 0 16 16"
        width="1em"
        xmlns="http://www.w3.org/2000/svg"
      >
        <path
          d="M8 0a8 8 0 1 1 0 16A8 8 0 0 1 8 0zM4.5 7.5a.5.5 0 0 0 0 1h5.793l-2.147 2.146a.5.5 0 0 0 .708.708l3-3a.5.5 0 0 0 0-.708l-3-3a.5.5 0 1 0-.708.708L10.293 7.5H4.5z"
        />
      </svg>
      <img
        alt="team-logo"
        src="https://media.api-sports.io/football/teams/85.png"
      />
      <p>
        Paris Saint Germain
      </p>
      <p>
        Rank:
         
        1
      </p>
    </div>
    <div
      className="team-element"
    >
      <svg
        className="right-arrow"
        fill="currentColor"
        height="1em"
        stroke="currentColor"
        strokeWidth="0"
        style={
          Object {
            "color": undefined,
          }
        }
        viewBox="0 0 16 16"
        width="1em"
        xmlns="http://www.w3.org/2000/svg"
      >
        <path
          d="M8 0a8 8 0 1 1 0 16A8 8 0 0 1 8 0zM4.5 7.5a.5.5 0 0 0 0 1h5.793l-2.147 2.146a.5.5 0 0 0 .708.708l3-3a.5.5 0 0 0 0-.708l-3-3a.5.5 0 1 0-.708.708L10.293 7.5H4.5z"
        />
      </svg>
      <img
        alt="team-logo"
        src="https://media.api-sports.io/football/teams/81.png"
      />
      <p>
        Marseille
      </p>
      <p>
        Rank:
         
        2
      </p>
    </div>
  </div>
</div>
`;

exports[`Testing React Components Rendering Testing TeamStats Component 1`] = `
<div
  className="TeamStats"
>
  <div
    className="Header-Team-info"
  >
    <img
      alt="team-logo"
      className="stats-logo"
      src="https://media.api-sports.io/football/teams/85.png"
    />
    <div
      className="general-states"
    >
      <p
        className="team-name-stats"
      >
        Paris Saint Germain
      </p>
      <p>
        Rank:
         
        1
      </p>
      <p>
        Points:
         
      </p>
      <p>
        Games Won:
         
        26
      </p>
      <p>
        Games Lost:
         
        4
      </p>
      <p>
        Goal Difference:
         
        54
      </p>
    </div>
  </div>
</div>
`;
